
> react-example@0.0.0 build
> vite build

[36mvite v6.4.2 [32mbuilding for production...[36m[39m
transforming...
[32mظ£ô[39m 2769 modules transformed.
node.exe : [31mظ£ù[39m Build failed in 3.13s
At line:1 char:1
+ & "C:\Program Files\nodejs/node.exe" "C:\Program Files\nodejs/node_mo ...
+ ~~~~~~~~~~~~~~~~~~~~~~~~~~~~~~~~~~~~~~~~~~~~~~~~~~~~~~~~~~~~~~~~~~~~~
    + CategoryInfo          : NotSpecified: ([31mظ£ù[39m Build failed in 3.13s:String) [], RemoteException
    + FullyQualifiedErrorId : NativeCommandError
 
[31merror during build:
[31msrc/components/Dashboard.tsx (85:30): "FastScreening" is not exported by "src/Shared.tsx", imported by 
"src/components/Dashboard.tsx".[31m
file: 
[36mC:/Users/rawi1/Downloads/╪د┘╪ز┘ê╪╕┘è┘-╪د┘╪░┘â┘è-_-smart-recruitment/src/components/Dashboard.tsx:85:30[31m
[33m
83: 
84: import { MOCK_TEST_APPLICANTS } from "../mockData";
85: import { ActiveJobs, Reports, FastScreening, EmptyState, TalentPool, GlobalJobSelector, SettingsPage, Job, 
Applicant,...
                                  ^
86: 
87: const CompactJobSelector = ({
[31m
    at getRollupError (file:///C:/Users/rawi1/Downloads/%D8%A7%D9%84%D8%AA%D9%88%D8%B8%D9%8A%D9%81-%D8%A7%D9%84%D8%B0%D
9%83%D9%8A-_-smart-recruitment/node_modules/rollup/dist/es/shared/parseAst.js:406:41)
    at error (file:///C:/Users/rawi1/Downloads/%D8%A7%D9%84%D8%AA%D9%88%D8%B8%D9%8A%D9%81-%D8%A7%D9%84%D8%B0%D9%83%D9%8
A-_-smart-recruitment/node_modules/rollup/dist/es/shared/parseAst.js:402:42)
    at Module.error (file:///C:/Users/rawi1/Downloads/%D8%A7%D9%84%D8%AA%D9%88%D8%B8%D9%8A%D9%81-%D8%A7%D9%84%D8%B0%D9%
83%D9%8A-_-smart-recruitment/node_modules/rollup/dist/es/shared/node-entry.js:17380:16)
    at Module.traceVariable (file:///C:/Users/rawi1/Downloads/%D8%A7%D9%84%D8%AA%D9%88%D8%B8%D9%8A%D9%81-%D8%A7%D9%84%D
8%B0%D9%83%D9%8A-_-smart-recruitment/node_modules/rollup/dist/es/shared/node-entry.js:17813:29)
    at ModuleScope.findVariable (file:///C:/Users/rawi1/Downloads/%D8%A7%D9%84%D8%AA%D9%88%D8%B8%D9%8A%D9%81-%D8%A7%D9%
84%D8%B0%D9%83%D9%8A-_-smart-recruitment/node_modules/rollup/dist/es/shared/node-entry.js:15403:39)
    at ReturnValueScope.findVariable (file:///C:/Users/rawi1/Downloads/%D8%A7%D9%84%D8%AA%D9%88%D8%B8%D9%8A%D9%81-%D8%A
7%D9%84%D8%B0%D9%83%D9%8A-_-smart-recruitment/node_modules/rollup/dist/es/shared/node-entry.js:5676:38)
    at FunctionBodyScope.findVariable (file:///C:/Users/rawi1/Downloads/%D8%A7%D9%84%D8%AA%D9%88%D8%B8%D9%8A%D9%81-%D8%
A7%D9%84%D8%B0%D9%83%D9%8A-_-smart-recruitment/node_modules/rollup/dist/es/shared/node-entry.js:5676:38)
    at ReturnValueScope.findVariable (file:///C:/Users/rawi1/Downloads/%D8%A7%D9%84%D8%AA%D9%88%D8%B8%D9%8A%D9%81-%D8%A
7%D9%84%D8%B0%D9%83%D9%8A-_-smart-recruitment/node_modules/rollup/dist/es/shared/node-entry.js:5676:38)
    at FunctionBodyScope.findVariable (file:///C:/Users/rawi1/Downloads/%D8%A7%D9%84%D8%AA%D9%88%D8%B8%D9%8A%D9%81-%D8%
A7%D9%84%D8%B0%D9%83%D9%8A-_-smart-recruitment/node_modules/rollup/dist/es/shared/node-entry.js:5676:38)
    at BlockScope.findVariable (file:///C:/Users/rawi1/Downloads/%D8%A7%D9%84%D8%AA%D9%88%D8%B8%D9%8A%D9%81-%D8%A7%D9%8
4%D8%B0%D9%83%D9%8A-_-smart-recruitment/node_modules/rollup/dist/es/shared/node-entry.js:5676:38)[39m
